Microsoft (R) Macro Assembler Version 6.11		    06/24/25 20:41:45
trabalho.asm						     Page 1 - 1


				;TRABALHO INTEL

				.model small
				.stack 100h 

 0000				.data ; variáveis do programa 
 0000 0000			nCol dw ?


 0000				.code 
				    .startup ; começo do programa





				    .exit ; fim do programa

				end 
Microsoft (R) Macro Assembler Version 6.11		    06/24/25 20:41:45
trabalho.asm						     Symbols 2 - 1




Segments and Groups:

                N a m e                 Size     Length   Align   Combine Class

DGROUP . . . . . . . . . . . . .	GROUP
_DATA  . . . . . . . . . . . . .	16 Bit	 0002	  Word	  Public  'DATA'	
STACK  . . . . . . . . . . . . .	16 Bit	 0100	  Para	  Stack	  'STACK'	 
_TEXT  . . . . . . . . . . . . .	16 Bit	 001B	  Word	  Public  'CODE'	


Symbols:

                N a m e                 Type     Value    Attr

@CodeSize  . . . . . . . . . . .	Number	 0000h	 
@DataSize  . . . . . . . . . . .	Number	 0000h	 
@Interface . . . . . . . . . . .	Number	 0000h	 
@Model . . . . . . . . . . . . .	Number	 0002h	 
@Startup . . . . . . . . . . . .	L Near	 0000	  _TEXT	
@code  . . . . . . . . . . . . .	Text   	 _TEXT
@data  . . . . . . . . . . . . .	Text   	 DGROUP
@fardata?  . . . . . . . . . . .	Text   	 FAR_BSS
@fardata . . . . . . . . . . . .	Text   	 FAR_DATA
@stack . . . . . . . . . . . . .	Text   	 DGROUP
nCol . . . . . . . . . . . . . .	Word	 0000	  _DATA	

	   0 Warnings
	   0 Errors
